// Jest Snapshot v1, https://goo.gl/fbAQLP

exports[`App component renders correctly 1`] = `
<div>
  <header>
    <nav>
      <ul>
        <li>
          <a
            href="/"
            onClick={[Function]}
          >
            Home
          </a>
        </li>
        <li>
          <a
            href="/about"
            onClick={[Function]}
          >
            About
          </a>
        </li>
        <li>
          <a
            href="/register"
            onClick={[Function]}
          >
            Register
          </a>
        </li>
        <li>
          <a
            href="/sign-in"
            onClick={[Function]}
          >
            Sign In
          </a>
        </li>
      </ul>
    </nav>
  </header>
  <main />
  <footer>
    Footer
  </footer>
</div>
`;
